
Memory Configuration

Name             Origin             Length             Attributes
*default*        0x00000000         0xffffffff

Linker script and memory map

LOAD ./funciones_asm.o
LOAD ./init_b.o
LOAD ./sudoku_2016.o
START GROUP
LOAD c:/program files/eclipsearm/sourcery-g++-lite-arm-2011.03/bin/../lib/gcc/arm-none-eabi/4.5.2\libgcc.a
LOAD c:/program files/eclipsearm/sourcery-g++-lite-arm-2011.03/bin/../lib/gcc/arm-none-eabi/4.5.2/../../../../arm-none-eabi/lib\libc.a
END GROUP
                0x0c000000                . = 0xc000000

.text           0x0c000000      0x47c
 *(.text)
 .text          0x0c000000        0x0 ./funciones_asm.o
                0x0c000000                sudoku_candidatos_init_arm
 .text          0x0c000000       0x24 ./init_b.o
                0x0c000000                start
 .text          0x0c000024      0x458 ./sudoku_2016.o
                0x0c00044c                sudoku9x9
                0x0c00047c                _bdata = .

.glue_7         0x0c00047c        0x0
 .glue_7        0x00000000        0x0 linker stubs

.glue_7t        0x0c00047c        0x0
 .glue_7t       0x00000000        0x0 linker stubs

.vfp11_veneer   0x0c00047c        0x0
 .vfp11_veneer  0x00000000        0x0 linker stubs

.v4_bx          0x0c00047c        0x0
 .v4_bx         0x00000000        0x0 linker stubs

.data           0x0c000480      0x120
 *(.data)
 .data          0x0c000480        0x0 ./funciones_asm.o
 .data          0x0c000480      0x120 ./init_b.o
 .data          0x0c0005a0        0x0 ./sudoku_2016.o
                0x0c0005a0                _edata = .

.rodata
 *(.rodata)
                0x0c0005a0                _bbss = .

.bss            0x0c0005a0        0x0
 *(.bss)
 .bss           0x0c0005a0        0x0 ./funciones_asm.o
 .bss           0x0c0005a0        0x0 ./init_b.o
 .bss           0x0c0005a0        0x0 ./sudoku_2016.o
                0x0c0005a0                _ebss = .
OUTPUT(Sudoku_p1.elf elf32-littlearm)

.ARM.attributes
                0x00000000       0x2e
 .ARM.attributes
                0x00000000       0x22 ./funciones_asm.o
 .ARM.attributes
                0x00000022       0x22 ./init_b.o
 .ARM.attributes
                0x00000044       0x32 ./sudoku_2016.o

.comment        0x00000000       0x2a
 .comment       0x00000000       0x2a ./sudoku_2016.o
                                 0x2b (size before relaxing)

.debug_line     0x00000000      0x23d
 .debug_line    0x00000000       0x47 ./init_b.o
 .debug_line    0x00000047      0x1f6 ./sudoku_2016.o

.debug_info     0x00000000      0x2b4
 .debug_info    0x00000000       0x62 ./init_b.o
 .debug_info    0x00000062      0x252 ./sudoku_2016.o

.debug_abbrev   0x00000000       0xee
 .debug_abbrev  0x00000000       0x14 ./init_b.o
 .debug_abbrev  0x00000014       0xda ./sudoku_2016.o

.debug_aranges  0x00000000       0x40
 .debug_aranges
                0x00000000       0x20 ./init_b.o
 .debug_aranges
                0x00000020       0x20 ./sudoku_2016.o

.debug_macinfo  0x00000000     0x3aae
 .debug_macinfo
                0x00000000     0x3aae ./sudoku_2016.o

.debug_loc      0x00000000       0xb0
 .debug_loc     0x00000000       0xb0 ./sudoku_2016.o

.debug_pubnames
                0x00000000       0x20
 .debug_pubnames
                0x00000000       0x20 ./sudoku_2016.o

.debug_pubtypes
                0x00000000       0x35
 .debug_pubtypes
                0x00000000       0x35 ./sudoku_2016.o

.debug_str      0x00000000      0x185
 .debug_str     0x00000000      0x185 ./sudoku_2016.o
                                0x1c4 (size before relaxing)

.debug_frame    0x00000000       0x90
 .debug_frame   0x00000000       0x90 ./sudoku_2016.o
