
Memory Configuration

Name             Origin             Length             Attributes
*default*        0x00000000         0xffffffff

Linker script and memory map

LOAD ./funciones_asm.o
LOAD ./init_b.o
LOAD ./sudoku_2016.o
START GROUP
LOAD d:/aplicaciones/eclipse/eclipsearm/sourcery-g++-lite-arm-2011.03/bin/../lib/gcc/arm-none-eabi/4.5.2\libgcc.a
LOAD d:/aplicaciones/eclipse/eclipsearm/sourcery-g++-lite-arm-2011.03/bin/../lib/gcc/arm-none-eabi/4.5.2/../../../../arm-none-eabi/lib\libc.a
END GROUP
                0x0c000000                . = 0xc000000

.text           0x0c000000      0x5fc
 *(.text)
 .text          0x0c000000      0x184 ./funciones_asm.o
                0x0c000000                sudoku_candidatos_init_arm
                0x0c00009c                sudoku_candidatos_propagar_arm
 .text          0x0c000184       0x24 ./init_b.o
                0x0c000184                start
 .text          0x0c0001a8      0x454 ./sudoku_2016.o
                0x0c0005d0                sudoku9x9
                0x0c0005fc                _bdata = .

.glue_7         0x0c0005fc        0x0
 .glue_7        0x00000000        0x0 linker stubs

.glue_7t        0x0c0005fc        0x0
 .glue_7t       0x00000000        0x0 linker stubs

.vfp11_veneer   0x0c0005fc        0x0
 .vfp11_veneer  0x00000000        0x0 linker stubs

.v4_bx          0x0c0005fc        0x0
 .v4_bx         0x00000000        0x0 linker stubs

.data           0x0c000600      0x120
 *(.data)
 .data          0x0c000600        0x0 ./funciones_asm.o
 .data          0x0c000600      0x120 ./init_b.o
 .data          0x0c000720        0x0 ./sudoku_2016.o
                0x0c000720                _edata = .

.rodata
 *(.rodata)
                0x0c000720                _bbss = .

.bss            0x0c000720        0x0
 *(.bss)
 .bss           0x0c000720        0x0 ./funciones_asm.o
 .bss           0x0c000720        0x0 ./init_b.o
 .bss           0x0c000720        0x0 ./sudoku_2016.o
                0x0c000720                _ebss = .
OUTPUT(Sudoku_p1.elf elf32-littlearm)

.ARM.attributes
                0x00000000       0x2e
 .ARM.attributes
                0x00000000       0x22 ./funciones_asm.o
 .ARM.attributes
                0x00000022       0x22 ./init_b.o
 .ARM.attributes
                0x00000044       0x32 ./sudoku_2016.o

.comment        0x00000000       0x2a
 .comment       0x00000000       0x2a ./sudoku_2016.o
                                 0x2b (size before relaxing)

.debug_line     0x00000000      0x2f1
 .debug_line    0x00000000       0xa6 ./funciones_asm.o
 .debug_line    0x000000a6       0x47 ./init_b.o
 .debug_line    0x000000ed      0x204 ./sudoku_2016.o

.debug_info     0x00000000      0x2fe
 .debug_info    0x00000000       0x5b ./funciones_asm.o
 .debug_info    0x0000005b       0x54 ./init_b.o
 .debug_info    0x000000af      0x24f ./sudoku_2016.o

.debug_abbrev   0x00000000      0x10f
 .debug_abbrev  0x00000000       0x14 ./funciones_asm.o
 .debug_abbrev  0x00000014       0x14 ./init_b.o
 .debug_abbrev  0x00000028       0xe7 ./sudoku_2016.o

.debug_aranges  0x00000000       0x60
 .debug_aranges
                0x00000000       0x20 ./funciones_asm.o
 .debug_aranges
                0x00000020       0x20 ./init_b.o
 .debug_aranges
                0x00000040       0x20 ./sudoku_2016.o

.debug_macinfo  0x00000000     0x3aae
 .debug_macinfo
                0x00000000     0x3aae ./sudoku_2016.o

.debug_loc      0x00000000       0xb0
 .debug_loc     0x00000000       0xb0 ./sudoku_2016.o

.debug_pubnames
                0x00000000       0x20
 .debug_pubnames
                0x00000000       0x20 ./sudoku_2016.o

.debug_pubtypes
                0x00000000       0x35
 .debug_pubtypes
                0x00000000       0x35 ./sudoku_2016.o

.debug_str      0x00000000      0x177
 .debug_str     0x00000000      0x177 ./sudoku_2016.o
                                0x1b6 (size before relaxing)

.debug_frame    0x00000000       0x90
 .debug_frame   0x00000000       0x90 ./sudoku_2016.o
